C51 COMPILER V9.56.0.0   CMS8S003X_UART                                                    06/01/2018 18:01:59 PAGE 1   


C51 COMPILER V9.56.0.0, COMPILATION OF MODULE CMS8S003X_UART
OBJECT MODULE PLACED IN .\Objects\cms8s003x_uart.obj
COMPILER INVOKED BY: C:\Keil_v5\C51\BIN\C51.EXE ..\..\Libraries\CMS8S003x_StdPeriph_Driver\src\cms8s003x_uart.c OMF2 OPT
                    -IMIZE(8,SPEED) BROWSE INCDIR(..\..\Libraries\CMS8S003x_StdPeriph_Driver\inc) DEBUG PRINT(.\Listings\cms8s003x_uart.lst) 
                    -TABS(2) OBJECT(.\Objects\cms8s003x_uart.obj)

line level    source

   1          /**
   2            ********************************************************************************
   3            * @file    cms8s003x_uart.c
   4            * @author  LI WEI
   5            * @version V1.0.3
   6            * @date    04/24/2018
   7            * @brief   This file provides all the UART firmware functions.
   8            ******************************************************************************
   9            * @copy
  10            *
  11            * THE PRESENT FIRMWARE WHICH IS FOR GUIDANCE ONLY AIMS AT PROVIDING CUSTOMERS
  12            * WITH CODING INFORMATION REGARDING THEIR PRODUCTS IN ORDER FOR THEM TO SAVE
  13            * TIME. AS A RESULT, CMSemicon SHALL NOT BE HELD LIABLE FOR ANY
  14            * DIRECT, INDIRECT OR CONSEQUENTIAL DAMAGES WITH RESPECT TO ANY CLAIMS ARISING
  15            * FROM THE CONTENT OF SUCH FIRMWARE AND/OR THE USE MADE BY CUSTOMERS OF THE
  16            * CODING INFORMATION CONTAINED HEREIN IN CONNECTION WITH THEIR PRODUCTS.
  17            *
  18            * <h2><center>&copy; COPYRIGHT 2018 CMSemicon</center></h2>
  19            */
  20          
  21          /* Includes ------------------------------------------------------------------*/
  22          #include <stdio.h>
  23          #include "cms8s003x_uart.h"
  24          
  25          /** @addtogroup CMS8S003x_StdPeriph_Driver
  26            * @{
  27            */
  28          
  29          /* Private typedef -----------------------------------------------------------*/
  30          /* Private define ------------------------------------------------------------*/
  31          //#define PUTCHAR_PROTOTYPE int fputc(int ch, FILE *f)
  32          
  33          /* Private macro -------------------------------------------------------------*/
  34          /* Private variables ---------------------------------------------------------*/
  35          extern uint32_t SystemClock;
  36          
  37          /* Private function prototypes -----------------------------------------------*/
  38          /* Private functions ---------------------------------------------------------*/
  39          /* Public functions ----------------------------------------------------------*/
  40          
  41          /** @}
  42            * @addtogroup UART_Public_Functions
  43            * @{
  44            */
  45          
  46          /**
  47            * @brief   Deinitializes the USART peripheral.
  48            * @param  UARTx : where x can be 1, 2 or 3 to select the specified USART peripheral.
  49            * @retval None
  50            */
  51          void USART_DeInit(UART_TypeDef UARTx)
  52          {
  53   1      
C51 COMPILER V9.56.0.0   CMS8S003X_UART                                                    06/01/2018 18:01:59 PAGE 2   

  54   1      }
*** WARNING C280 IN LINE 51 OF ..\..\Libraries\CMS8S003x_StdPeriph_Driver\src\cms8s003x_uart.c: 'UARTx': unreferenced lo
             -cal variable
  55          
  56          /**
  57            * @brief  Initializes the USART according to the specified parameters.
  58            * @note   Configure in Push Pull or Open Drain mode the Tx pin by setting the
  59            *         correct I/O Port register according the product package and line
  60            *         configuration
  61            * @param  USARTx : where x can be 1 to select the specified USART peripheral.
  62            * @param  BaudRate : The baudrate.
  63            * @param  USART_WordLength : This parameter can be any of the
  64            *         @ref USART_WordLength_TypeDef enumeration.
  65            * @param  USART_StopBits : This parameter can be any of the
  66            *         @ref USART_StopBits_TypeDef enumeration.
  67            * @param  USART_Parity : This parameter can be any of the
  68            *         @ref USART_Parity_TypeDef enumeration.
  69            * @param  USART_Mode : This parameter can be any of the @ref USART_Mode_TypeDef values
  70            * @retval None
  71            */
  72          void UART_Init(UART_TypeDef UARTx, UART_Init_TypeDef* UART_InitDef)
  73          {
  74   1        uint32_t BaudRate_Mantissa = 0;
  75   1      
  76   1        /* Check the parameters */
  77   1      
  78   1        if(UARTx == UART0)
  79   1        {
  80   2          SCON0 &= 0;
  81   2          SCON0 |= ((uint8_t)(UART_InitDef->Mode) | ((uint8_t)(UART_InitDef->MutiDevices) << 5) | ((uint8_t)(UART_
             -InitDef->IsReceive) << 4) | ((uint8_t)(UART_InitDef->SendData9Bit) << 3) | ((uint8_t)(UART_InitDef->ReceiveData9Bit) << 
             -2));
  82   2          
  83   2          PCON &= ~0x80;
  84   2          PCON |= ((uint8_t)(UART_InitDef->UartBaudrateDouble) << 7);
  85   2          
  86   2          if((Mode_8Bit_Unsettled_Freq == UART_InitDef->Mode) || (Mode_9Bit_Unsettled_Freq == UART_InitDef->Mode))
  87   2          {
  88   3            if(Timer1_Select == UART_InitDef->UartClkSource)
  89   3            {
  90   4              /* Set Timer1 as uart0`s clock source */
  91   4              FUNCCR &= 0xfe; 
  92   4              //setup timer1
  93   4              /* Timer1 TMOD Clear and Set */
  94   4              TMOD &= 0x0f;
  95   4              TMOD |= 0x20; //GATE1 disable, Timer select, Mode2: 8bit auto reload
  96   4              CKCON |= 0x10; //Timer1 clock source: sys/4 (systerm clock is 8MHz/16MHz, if not CLKDIV)  
  97   4              TL1 = 256 - SystemClock * (UART_InitDef->UartBaudrateDouble + 1) / 32 / 4 / UART_InitDef->UartBaurdrat
             -e;
  98   4              TH1 = 256 - SystemClock * (UART_InitDef->UartBaudrateDouble + 1) / 32 / 4 / UART_InitDef->UartBaurdrat
             -e;
  99   4              /**0. SystemClock=24MHz T=4/24=0.16us
 100   4                * a: UartBaurdrate=9600
 101   4                *   TL1 = TH1 = 104/16/0.16 = 40.62
 102   4                * b:UartBaurdrate=14400
 103   4                *   TL1 = TH1 = 69.4/16/0.16 = 27.10
 104   4                * c:UartBaurdrate=19200
 105   4                *   TL1 = TH1 = 52.0/16/0.16 = 20.31
 106   4                * d:UartBaurdrate=38400
 107   4                *   TL1 = TH1 = 26.0/16/0.16 = 10.15
 108   4                * e:UartBaurdrate=56000
 109   4                *   TL1 = TH1 = 17.85/16/0.16 = 6.97
C51 COMPILER V9.56.0.0   CMS8S003X_UART                                                    06/01/2018 18:01:59 PAGE 3   

 110   4                * f:UartBaurdrate=57600 X
 111   4                *   TL1 = TH1 = 17.36/16/0.16 = 6.78
 112   4                * g:UartBaurdrate=115200 X
 113   4                *   TL1 = TH1 = 8.68/16/0.16 = 3.39
 114   4              **/
 115   4              //TL1 = 256 - (uint8_t)(1000000.0 / (UART_InitDef->UartBaurdrate) / 16 / 0.16);
 116   4              //TH1 = 256 - (uint8_t)(1000000.0 / (UART_InitDef->UartBaurdrate) / 16 / 0.16);
 117   4              //TL1 = 256 - 24000000 * (UART_InitDef->UartBaudrateDouble + 1) / 32 / 4 / UART_InitDef->UartBaurdrate
             -;
 118   4              //TH1 = 256 - 24000000 * (UART_InitDef->UartBaudrateDouble + 1) / 32 / 4 / UART_InitDef->UartBaurdrate
             -;
 119   4              /**1. SystemClock=16MHz T=4/16=0.25us
 120   4                * a: UartBaurdrate=9600 ¡Ì
 121   4                *   TL1 = TH1 = 104/16/0.25 = 26
 122   4                * b:UartBaurdrate=14400 ¡Ì
 123   4                *   TL1 = TH1 = 69.4/16/0.25 = 17.3
 124   4                * c:UartBaurdrate=19200 ¡Ì
 125   4                *   TL1 = TH1 = 52.0/16/0.25 = 13.0
 126   4                * d:UartBaurdrate=38400 X
 127   4                *   TL1 = TH1 = 26.0/16/0.25 = 6.5
 128   4                * e:UartBaurdrate=115200 X
 129   4                *   TL1 = TH1 = 8.68/16/0.25 = 2.1
 130   4              **/
 131   4              //TL1 = 256 - 6;//(uint8_t)(1000000.0 / (UART_InitDef->UartBaurdrate) / 16 / 0.25);
 132   4              //TH1 = 256 - 6;//(uint8_t)(1000000.0 / (UART_InitDef->UartBaurdrate) / 16 / 0.25);
 133   4              //TL1 = 256 - 16000000 * (UART_InitDef->UartBaudrateDouble + 1) / 32 / 4 / UART_InitDef->UartBaurdrate
             -;
 134   4              //TH1 = 256 - 16000000 * (UART_InitDef->UartBaudrateDouble + 1) / 32 / 4 / UART_InitDef->UartBaurdrate
             -;
 135   4              /**2. SystemClock=8MHz T=4/8=0.5us
 136   4                * a: UartBaurdrate=9600 ¡Ì
 137   4                *   TL1 = TH1 = 104/16/0.5 = 13
 138   4                * b:UartBaurdrate=14400 X
 139   4                *   TL1 = TH1 = 69.4/16/0.5 = 8.6
 140   4                * c:UartBaurdrate=38400 X
 141   4                *   TL1 = TH1 = 26.0/16/0.5 = 3.2
 142   4                * d:UartBaurdrate=115200 X
 143   4                *   TL1 = TH1 = 8.68/16/0.5 = 1.1
 144   4              **/
 145   4              //TL1 = 256 - 13;//(uint8_t)(1000000.0 / (UART_InitDef->UartBaurdrate) / 16 / 0.5);
 146   4              //TH1 = 256 - 13;//(uint8_t)(1000000.0 / (UART_InitDef->UartBaurdrate) / 16 / 0.5);
 147   4              //TL1 = 256 - 8000000 * (UART_InitDef->UartBaudrateDouble + 1) / 32 / 4 / UART_InitDef->UartBaurdrate;
 148   4              //TH1 = 256 - 8000000 * (UART_InitDef->UartBaudrateDouble + 1) / 32 / 4 / UART_InitDef->UartBaurdrate;
 149   4              IE |= 0x88; //Enable Timer1 interrupt
 150   4              TCON |= 0x40; //Timer1 start
 151   4            }
 152   3            else if(Timer4_Select == UART_InitDef->UartClkSource)
 153   3            {
 154   4              /* Set Timer4 as uart0`s clock source */
 155   4              FUNCCR |= 0x01;
 156   4              //setup timer4
 157   4              /* Timer4 T34MOD Clear and Set */
 158   4              T34MOD &= 0x0f;
 159   4              T34MOD |= 0x60; //Timer4 clock select:sys/4, Mode2: 8bit auto reload
 160   4              TL4 = 256 - SystemClock * (UART_InitDef->UartBaudrateDouble + 1) / 32 / 4 / UART_InitDef->UartBaurdrat
             -e;
 161   4              TH4 = 256 - SystemClock * (UART_InitDef->UartBaudrateDouble + 1) / 32 / 4 / UART_InitDef->UartBaurdrat
             -e;
 162   4              T34MOD |= 0x80; //Timer4 start
 163   4            }
 164   3          }
 165   2        }
C51 COMPILER V9.56.0.0   CMS8S003X_UART                                                    06/01/2018 18:01:59 PAGE 4   

 166   1        else if(UARTx == UART1)
 167   1        {
 168   2          SCON1 &= 0;
 169   2          SCON1 |= ((uint8_t)(UART_InitDef->Mode) | ((uint8_t)(UART_InitDef->MutiDevices) << 5) | ((uint8_t)(UART_
             -InitDef->IsReceive) << 4) | ((uint8_t)(UART_InitDef->SendData9Bit) << 3) | ((uint8_t)(UART_InitDef->ReceiveData9Bit) << 
             -2));
 170   2          
 171   2          PCON &= ~0x40;
 172   2          PCON |= ((uint8_t)(UART_InitDef->UartBaudrateDouble) << 6);
 173   2          
 174   2          if((Mode_8Bit_Unsettled_Freq == UART_InitDef->Mode) || (Mode_9Bit_Unsettled_Freq == UART_InitDef->Mode))
 175   2          {
 176   3            if(Timer1_Select == UART_InitDef->UartClkSource)
 177   3            {
 178   4              FUNCCR &= 0xfd; 
 179   4              //setup timer1
 180   4              
 181   4            }
 182   3            else if(Timer4_Select == UART_InitDef->UartClkSource)
 183   3            {
 184   4              FUNCCR |= 0x02;
 185   4              //setup timer4
 186   4            }
 187   3          }
 188   2        }
 189   1      
 190   1      }
 191          
 192          /**
 193            * @brief  Initializes the USART Clock according to the specified parameters.
 194            * @param  USARTx : where x can be 1 to select the specified USART peripheral.
 195            * @param  USART_Clock : This parameter can be any of the @ref USART_Clock_TypeDef
 196            *         enumeration.
 197            * @param  USART_CPOL : This parameter can be any of the @ref USART_CPOL_TypeDef
 198            *         enumeration.
 199            * @param  USART_CPHA : This parameter can be any of the @ref USART_CPHA_TypeDef
 200            *         enumeration.
 201            * @param  USART_LastBit : This parameter can be any of the @ref USART_LastBit_TypeDef
 202            *         enumeration.
 203            * @retval None
 204            */
 205          
 206          void USART_ClockInit()
 207          {
 208   1      
 209   1      }
 210          
 211          /**
 212            * @brief  Enable the USART peripheral.
 213            * @param  USARTx : where x can be 1 to select the specified USART peripheral.
 214            * @param  NewState : The new state of the USART Communication.
 215            *         This parameter can be any of the @ref FunctionalState enumeration.
 216            * @retval None
 217            */
 218          void UART_Cmd(UART_TypeDef UARTx, FunctionalState NewState)
 219          {
 220   1      
 221   1      }
*** WARNING C280 IN LINE 218 OF ..\..\Libraries\CMS8S003x_StdPeriph_Driver\src\cms8s003x_uart.c: 'UARTx': unreferenced l
             -ocal variable
*** WARNING C280 IN LINE 218 OF ..\..\Libraries\CMS8S003x_StdPeriph_Driver\src\cms8s003x_uart.c: 'NewState': unreference
             -d local variable
C51 COMPILER V9.56.0.0   CMS8S003X_UART                                                    06/01/2018 18:01:59 PAGE 5   

 222          
 223          
 224          /**
 225            * @brief  Enables or disables the specified USART interrupts.
 226            * @param  USARTx : where x can be 1 to select the specified USART peripheral.
 227            * @param  USART_IT specifies the USART interrupt sources to be enabled or disabled.
 228            *         This parameter can be one of the following values:
 229            *         - USART_IT_TXE:  Tansmit Data Register empty interrupt
 230            *         - USART_IT_TC:   Transmission complete interrupt
 231            *         - USART_IT_RXNE: Receive Data register not empty interrupt
 232            *         - USART_IT_OR: Overrun error interrupt
 233            *         - USART_IT_IDLE: Idle line detection interrupt
 234            *         - USART_IT_ERR:  Error interrupt
 235            * @param  NewState new state of the specified USART interrupts.
 236            *         This parameter can be: ENABLE or DISABLE.
 237            * @retval None
 238            */
 239          
 240          void UART_ITConfig(UART_TypeDef UARTx, UART_Priority_TypeDef UART_Priority, FunctionalState NewState)
 241          {
 242   1        if(UART0 == UARTx)
 243   1        {
 244   2          if (NewState != _DISABLE)
 245   2          {
 246   3            /*Clear and Set uart0 IT priority */
 247   3            IP &= ~0x10;
 248   3            IP |= (UART_Priority << 4);
 249   3            
 250   3            IE |= UART0_INTERRUPT_ENABLE_BIT; /* Enable the UART0 IT */
 251   3          }
 252   2          else
 253   2          {
 254   3            IE &= (uint8_t)(~UART0_INTERRUPT_ENABLE_BIT); /* Disable the UART0 IT */
 255   3          }
 256   2        }
 257   1        else if(UART1 == UARTx)
 258   1        {
 259   2          if (NewState != _DISABLE)
 260   2          {
 261   3            /*Clear and Set uart1 IT priority */
 262   3            IP &= ~0x40;
 263   3            IP |= (UART_Priority << 6);
 264   3            
 265   3            IE |= UART1_INTERRUPT_ENABLE_BIT; /* Enable the UART1 IT */
 266   3          }
 267   2          else
 268   2          {
 269   3            IE &= (uint8_t)(~UART1_INTERRUPT_ENABLE_BIT); /* Disable the UART1 IT */
 270   3          }
 271   2        }
 272   1      }
 273          
 274          /**
 275            * @brief  Returns the most recent received data by the USART peripheral.
 276            * @param  USARTx : where x can be 1 to select the specified USART peripheral.
 277            * @retval The received data.
 278            */
 279          uint8_t UART_ReceiveData8(UART_TypeDef UARTx)
 280          {
 281   1        /*uint8_t returnData = 0;
 282   1        if(UART0 == UARTx)
 283   1        {
C51 COMPILER V9.56.0.0   CMS8S003X_UART                                                    06/01/2018 18:01:59 PAGE 6   

 284   1            returnData = SBUF0;
 285   1        }
 286   1        else if(UART1 == UARTx)
 287   1        {
 288   1            returnData = SBUF1;
 289   1        }
 290   1        
 291   1        return returnData;*/
 292   1        return ((UARTx == UART0)?(uint8_t)SBUF0:(uint8_t)SBUF1);
 293   1      }
 294          
 295          
 296          /**
 297            * @brief  Returns the most recent received data by the USART peripheral.
 298            * @param  USARTx : where x can be 1 to select the specified USART peripheral.
 299            * @retval The received data.
 300            */
 301          uint16_t UART_ReceiveData9(UART_TypeDef UARTx)
 302          {
 303   1        /*if(UART0 == UARTx)
 304   1        {
 305   1        
 306   1        }
 307   1        else if(UART1 == UARTx)
 308   1        {
 309   1        
 310   1        }*/
 311   1        return ((UARTx == UART0)?(uint8_t)SBUF0:(uint8_t)SBUF1);
 312   1      }
 313          
 314          /**
 315            * @brief  Transmits 8 bit data through the USART peripheral.
 316            * @param  Data: The data to transmit.
 317            * @retval None
 318            */
 319          void UART_SendData8(UART_TypeDef UARTx, uint8_t Data)
 320          {
 321   1        if(UART0 == UARTx)
 322   1        {
 323   2            while(1 == ((SCON0 & 0x02)>>1));
 324   2            SBUF0 = Data;
 325   2            while(0 == ((SCON0 & 0x02)>>1));
 326   2            SCON0 &= (~0x02);
 327   2        }
 328   1        else if(UART1 == UARTx)
 329   1        {
 330   2            while(1 == ((SCON1 & 0x02)>>1));
 331   2            SBUF1 = Data;
 332   2            while(0 == ((SCON1 & 0x02)>>1));
 333   2            SCON1 &= (~0x02);
 334   2        }
 335   1      }
 336          
 337          /**
 338            * @brief  Transmits 9 bit data through the USART peripheral.
 339            * @param  USARTx: Select the USARTx peripheral.
 340            * @param  Data : The data to transmit.
 341            *         This parameter should be lower than 0x1FF.
 342            * @retval None
 343            */
 344          void UART_SendData9(UART_TypeDef UARTx, uint16_t Data)
 345          {
C51 COMPILER V9.56.0.0   CMS8S003X_UART                                                    06/01/2018 18:01:59 PAGE 7   

 346   1        if(UART0 == UARTx)
 347   1        {
 348   2            SBUF0 = Data;
 349   2        }
 350   1        else if(UART1 == UARTx)
 351   1        {
 352   2            SBUF1 = Data;
 353   2        }
 354   1      }
 355          
 356          #if 0
              /**
                * @brief  Transmits break characters.
                * @param  USARTx : where x can be 1 to select the specified USART peripheral.
                * @retval None
                */
              void USART_SendBreak(USART_TypeDef* USARTx)
              {
              
              }
              
              /**
                * @brief  Sets the system clock prescaler.
                * @note   IrDA Low Power mode or smartcard mode should be enabled
                * @note   This function is related to SmartCard and IrDa mode.
                * @param  USARTx: Select the USARTx peripheral.
                * @param  USART_Prescaler: specifies the prescaler clock.
                *         This parameter can be one of the following values:
                *         @par IrDA Low Power Mode
                *         The clock source is diveded by the value given in the register (8 bits)
                *         - 0000 0000 Reserved
                *         - 0000 0001 divides the clock source by 1
                *         - 0000 0010 divides the clock source by 2
                *         - ...........................................................
                *        @par Smart Card Mode
                *        The clock source is diveded by the value given in the register
                *        (5 significant bits) multipied by 2
                *         - 0 0000 Reserved
                *         - 0 0001 divides the clock source by 2
                *         - 0 0010 divides the clock source by 4
                *         - 0 0011 divides the clock source by 6
                *         - ...........................................................
                * @retval None
                */
              void USART_SetPrescaler(USART_TypeDef* USARTx, uint8_t USART_Prescaler)
              {
              
              }
              
              /**
                * @brief  Sets the address of the USART node.
                * @param  USARTx: Select the USARTx peripheral.
                * @param  Address : Indicates the address of the USART node.
                *         This parameter should be lower than 16
                * @retval None
                */
              void USART_SetAddress(USART_TypeDef* USARTx, uint8_t USART_Address)
              {
              
              }
              
              /**
C51 COMPILER V9.56.0.0   CMS8S003X_UART                                                    06/01/2018 18:01:59 PAGE 8   

                * @brief  Checks whether the specified USART flag is set or not.
                * @param  USARTx: Select the USARTx peripheral.
                * @param  USART_FLAG specifies the flag to check.
                *         This parameter can be any of the @ref USART_FLAG_TypeDef enumeration.
                * @retval FlagStatus (SET or RESET)
                */
              FlagStatus USART_GetFlagStatus(USART_TypeDef* USARTx, USART_FLAG_TypeDef USART_FLAG)
              {
                FlagStatus status = RESET;
              
                
                /* Return the USART_FLAG status*/
                return status;
              }
              
              /**
                * @brief  Clears the USARTx's pending flags.
                * @param  USARTx : where x can be 1 to select the specified USART peripheral.
                * @param  USART_FLAG: specifies the flag to clear.
                *         This parameter can be any combination of the following values:
                *         USART_FLAG_TC:   Transmission Complete flag.
                *         USART_FLAG_RXNE: Receive data register not empty flag.
                *
                * @Note
                *     - PE (Parity error), FE (Framing error), NE (Noise error), OR (OverRun error)
                *       and IDLE (Idle line detected) flags are cleared by software sequence: a read
                *       operation to USART_SR register (USART_GetFlagStatus())followed by a read
                *       operation to USART_DR register(USART_ReceiveData8() or USART_ReceiveData9()).
                *
                *     - RXNE flag can be also cleared by a read to the USART_DR register
                *       (USART_ReceiveData8()or USART_ReceiveData9()).
                *
                *     - TC flag can be also cleared by software sequence: a read operation to USART_SR
                *       register (USART_GetFlagStatus()) followed by a write operation to USART_DR
                *       register (USART_SendData8() or USART_SendData9()).
                *
                *     - TXE flag is cleared only by a write to the USART_DR register
                *       (USART_SendData8() or USART_SendData9()).
                *
                *     - SBK flag is cleared during the stop bit of break.
                *
                * @retval None
                */
              void USART_ClearFlag(USART_TypeDef* USARTx, USART_FLAG_TypeDef USART_FLAG)
              {
                
              }
              #endif
 456          
 457          /**
 458            * @brief  Checks whether the specified USART interrupt has occurred or not.
 459            * @param  USARTx : where x can be 1 to select the specified USART peripheral.
 460            * @param  USART_IT: Specifies the USART interrupt pending bit to check.
 461            *         This parameter can be one of the following values:
 462            *         - USART_IT_TXE: Transmit Data Register empty interrupt
 463            *         - USART_IT_TC: Transmission complete interrupt
 464            *         - USART_IT_RXNE: Receive Data register not empty interrupt
 465            *         - USART_IT_IDLE: Idle line detection interrupt
 466            *         - USART_IT_OR: OverRun Error interrupt
 467            *         - USART_IT_PE: Parity Error interrupt
 468            *         - USART_IT_FE: Frame Error interrupt
 469            *         - USART_IT_NF: Noise Flag Error interrupt
C51 COMPILER V9.56.0.0   CMS8S003X_UART                                                    06/01/2018 18:01:59 PAGE 9   

 470            * @retval ITStatus The new state of USART_IT (SET or RESET).
 471            */
 472          ITStatus UART_GetITStatus(UART_TypeDef UARTx, UART_IT_Status_TypeDef UART_IT)
 473          {
 474   1        ITStatus bitstatus = _RESET;
 475   1        uint8_t UART_itStatus = 0x0;
 476   1        
 477   1        if(UART0 == UARTx)
 478   1        {
 479   2          UART_itStatus = SCON0 & UART_IT;
 480   2        }
 481   1        else if(UART1 == UARTx)
 482   1        {
 483   2          UART_itStatus = SCON1 & UART_IT;
 484   2        }
 485   1        
 486   1        if (UART_itStatus != (uint8_t)_RESET )
 487   1        {
 488   2          bitstatus = _SET;
 489   2        }
 490   1        else
 491   1        {
 492   2          bitstatus = _RESET;
 493   2        }
 494   1      
 495   1        /* Return the USART_IT status*/
 496   1        return  bitstatus;
 497   1      }
 498          
 499          /**
 500            * @brief  Clears the USARTx’s interrupt pending bits.
 501            * @param  USARTx : where x can be 1 to select the specified USART peripheral.
 502            * @param  USART_IT: specifies the interrupt pending bit to clear.
 503            *         This parameter can be one of the following values:
 504            *         USART_IT_RXNE: Receive Data register not empty interrupt.
 505            *         USART_IT_TC:   Transmission complete interrupt.
 506            *
 507            * @note
 508            *         - PE (Parity error), FE (Framing error), NE (Noise error),
 509            *         OR (OverRun error) and IDLE (Idle line detected) pending bits are
 510            *         cleared by software sequence: a read operation to USART_SR register
 511            *         (USART_GetITStatus()) followed by a read operation to USART_DR
 512            *         register (USART_ReceiveData8() or USART_ReceiveData9()).
 513            *
 514            *         - RXNE pending bit can be also cleared by a read to the USART_DR register
 515            *         (USART_ReceiveData8() or USART_ReceiveData9()).
 516            *
 517            *         - TC (Transmit complet) pending bit can be also cleared by software
 518            *         sequence: a read operation to USART_SR register (USART_GetITStatus())
 519            *         followed by a write operation to USART_DR register (USART_SendData8()
 520            *         or USART_SendData9()).
 521            *
 522            *         - TXE pending bit is cleared only by a write to the USART_DR register
 523            *         (USART_SendData8() or USART_SendData9()).
 524            *
 525            * @retval None
 526            */
 527          void UART_ClearITPendingBit(UART_TypeDef UARTx, UART_IT_Status_TypeDef UART_IT)
 528          {
 529   1        if(UART0 == UARTx)
 530   1        {
 531   2          SCON0 = (~UART_IT);
C51 COMPILER V9.56.0.0   CMS8S003X_UART                                                    06/01/2018 18:01:59 PAGE 10  

 532   2        }
 533   1        else if(UART1 == UARTx)
 534   1        {
 535   2          SCON1 = (~UART_IT);
 536   2        }
 537   1      }
 538          
 539          /**
 540            * @brief  Retargets the C library printf function to the USART.
 541            * @param  None
 542            * @retval None
 543            */
 544          #if 0
              //PUTCHAR_PROTOTYPE
              //int fputc(int ch, FILE *f)
              int fputc(int ch, const char *f)
              {
                /* Place your implementation of fputc here */
                /* e.g. write a character to the UART0 */
                UART_SendData8(UART0, (uint8_t) ch);
                
                /* Loop until the end of transmission */
                //while (USART_GetFlagStatus(UART0, USART_FLAG_TC) == RESET)
                //{}
              
                return ch;
              }
              #endif
 560          
 561          /**
 562            * @}
 563            */
 564          
 565          /**
 566            * @}
 567            */
 568          
 569          /******************* (C) COPYRIGHT 2018 CMSemion *****END OF FILE****/


MODULE INFORMATION:   STATIC OVERLAYABLE
   CODE SIZE        =    636    ----
   CONSTANT SIZE    =   ----    ----
   XDATA SIZE       =   ----    ----
   PDATA SIZE       =   ----    ----
   DATA SIZE        =   ----      11
   IDATA SIZE       =   ----    ----
   BIT SIZE         =   ----    ----
   EDATA SIZE       =   ----    ----
   HDATA SIZE       =   ----    ----
   XDATA CONST SIZE =   ----    ----
   FAR CONST SIZE   =   ----    ----
END OF MODULE INFORMATION.


C51 COMPILATION COMPLETE.  3 WARNING(S),  0 ERROR(S)
